Set parameter WLSAccessID
Set parameter WLSSecret
Set parameter LicenseID to value 2418152
Academic license 2418152 - for non-commercial use only - registered to ml___@rice.edu

══════════════════════════════════════════════════════════════════════
  Supply-Demand (P1)
══════════════════════════════════════════════════════════════════════

  size=2300²               n_vars=   5,290,000
    Pyomo                     0.823 min
    Pyomo+Template            0.206 min
    gurobipy-pandas           0.376 min
    COO + MVar                0.051 min

  size=3300²               n_vars=  10,890,000
    Pyomo                     1.955 min
    Pyomo+Template            0.410 min
    gurobipy-pandas           0.766 min
    COO + MVar                0.107 min

  size=4700²               n_vars=  22,090,000
    Pyomo                     6.328 min
    Pyomo+Template            0.900 min
    gurobipy-pandas           1.605 min
    COO + MVar                0.227 min

  size=6500²               n_vars=  42,250,000
    Pyomo                    70.699 min
    Pyomo+Template            2.241 min
    gurobipy-pandas           3.188 min
    COO + MVar                0.506 min

  size=9000²               n_vars=  81,000,000
    Pyomo                  TIMEOUT
    Pyomo+Template            9.285 min
    gurobipy-pandas           6.758 min
    COO + MVar                1.221 min

══════════════════════════════════════════════════════════════════════
  Network Flow (P1+P3)
══════════════════════════════════════════════════════════════════════

  size=n5000,k175          n_vars=   5,250,000
    Pyomo                     1.142 min
    Pyomo+Template            0.302 min
    gurobipy-pandas           0.470 min
    COO + MVar                0.087 min

  size=n7500,k225          n_vars=  10,125,000
    Pyomo                     2.340 min
    Pyomo+Template            0.602 min
    gurobipy-pandas           0.900 min
    COO + MVar                0.166 min

  size=n11000,k285         n_vars=  18,810,000
    Pyomo                     8.707 min
    Pyomo+Template            1.272 min
    gurobipy-pandas           1.741 min
    COO + MVar                0.322 min

  size=n16000,k360         n_vars=  34,560,000
    Pyomo                   105.128 min
    Pyomo+Template            2.886 min
    gurobipy-pandas           3.581 min
    COO + MVar                0.701 min

  size=n22000,k430         n_vars=  56,760,000
    Pyomo                  TIMEOUT
    Pyomo+Template            5.849 min
    gurobipy-pandas           6.627 min
    COO + MVar                1.361 min

══════════════════════════════════════════════════════════════════════
  BOM / Cross-dim (P4+P6)
══════════════════════════════════════════════════════════════════════

  size=p10k,c20k,t80       n_vars=   2,400,000
    Pyomo                     0.774 min
    Pyomo+Template            0.172 min
    gurobipy-pandas           0.176 min
    COO + MVar                0.053 min

  size=p15k,c30k,t100      n_vars=   4,500,000
    Pyomo                     1.479 min
    Pyomo+Template            0.337 min
    gurobipy-pandas           0.328 min
    COO + MVar                0.098 min

  size=p22k,c44k,t120      n_vars=   7,920,000
    Pyomo                     2.948 min
    Pyomo+Template            0.635 min
    gurobipy-pandas           0.594 min
    COO + MVar                0.177 min

  size=p32k,c64k,t150      n_vars=  14,400,000
    Pyomo                    15.080 min
    Pyomo+Template            2.439 min
    gurobipy-pandas           1.181 min
    COO + MVar                0.351 min

  size=p45k,c90k,t180      n_vars=  24,300,000
    Pyomo                   116.675 min
    Pyomo+Template            2.942 min
    gurobipy-pandas           2.241 min
    COO + MVar                0.619 min

  CSV saved → benchmark_results.csv

──────────────────────────────────────────────────────────────────────
  Problem                         Method                        n_vars  time (min)
──────────────────────────────────────────────────────────────────────
  Supply-Demand (P1)              Pyomo                      5,290,000       0.823
  Supply-Demand (P1)              Pyomo+Template             5,290,000       0.206
  Supply-Demand (P1)              gurobipy-pandas            5,290,000       0.376
  Supply-Demand (P1)              COO + MVar                 5,290,000       0.051
  Supply-Demand (P1)              Pyomo                     10,890,000       1.955
  Supply-Demand (P1)              Pyomo+Template            10,890,000       0.410
  Supply-Demand (P1)              gurobipy-pandas           10,890,000       0.766
  Supply-Demand (P1)              COO + MVar                10,890,000       0.107
  Supply-Demand (P1)              Pyomo                     22,090,000       6.328
  Supply-Demand (P1)              Pyomo+Template            22,090,000       0.900
  Supply-Demand (P1)              gurobipy-pandas           22,090,000       1.605
  Supply-Demand (P1)              COO + MVar                22,090,000       0.227
  Supply-Demand (P1)              Pyomo                     42,250,000      70.699
  Supply-Demand (P1)              Pyomo+Template            42,250,000       2.241
  Supply-Demand (P1)              gurobipy-pandas           42,250,000       3.188
  Supply-Demand (P1)              COO + MVar                42,250,000       0.506
  Supply-Demand (P1)              Pyomo                     81,000,000        SKIP
  Supply-Demand (P1)              Pyomo+Template            81,000,000       9.285
  Supply-Demand (P1)              gurobipy-pandas           81,000,000       6.758
  Supply-Demand (P1)              COO + MVar                81,000,000       1.221
  Network Flow (P1+P3)            Pyomo                      5,250,000       1.142
  Network Flow (P1+P3)            Pyomo+Template             5,250,000       0.302
  Network Flow (P1+P3)            gurobipy-pandas            5,250,000       0.470
  Network Flow (P1+P3)            COO + MVar                 5,250,000       0.087
  Network Flow (P1+P3)            Pyomo                     10,125,000       2.340
  Network Flow (P1+P3)            Pyomo+Template            10,125,000       0.602
  Network Flow (P1+P3)            gurobipy-pandas           10,125,000       0.900
  Network Flow (P1+P3)            COO + MVar                10,125,000       0.166
  Network Flow (P1+P3)            Pyomo                     18,810,000       8.707
  Network Flow (P1+P3)            Pyomo+Template            18,810,000       1.272
  Network Flow (P1+P3)            gurobipy-pandas           18,810,000       1.741
  Network Flow (P1+P3)            COO + MVar                18,810,000       0.322
  Network Flow (P1+P3)            Pyomo                     34,560,000     105.128
  Network Flow (P1+P3)            Pyomo+Template            34,560,000       2.886
  Network Flow (P1+P3)            gurobipy-pandas           34,560,000       3.581
  Network Flow (P1+P3)            COO + MVar                34,560,000       0.701
  Network Flow (P1+P3)            Pyomo                     56,760,000        SKIP
  Network Flow (P1+P3)            Pyomo+Template            56,760,000       5.849
  Network Flow (P1+P3)            gurobipy-pandas           56,760,000       6.627
  Network Flow (P1+P3)            COO + MVar                56,760,000       1.361
  BOM / Cross-dim (P4+P6)         Pyomo                      2,400,000       0.774
  BOM / Cross-dim (P4+P6)         Pyomo+Template             2,400,000       0.172
  BOM / Cross-dim (P4+P6)         gurobipy-pandas            2,400,000       0.176
  BOM / Cross-dim (P4+P6)         COO + MVar                 2,400,000       0.053
  BOM / Cross-dim (P4+P6)         Pyomo                      4,500,000       1.479
  BOM / Cross-dim (P4+P6)         Pyomo+Template             4,500,000       0.337
  BOM / Cross-dim (P4+P6)         gurobipy-pandas            4,500,000       0.328
  BOM / Cross-dim (P4+P6)         COO + MVar                 4,500,000       0.098
  BOM / Cross-dim (P4+P6)         Pyomo                      7,920,000       2.948
  BOM / Cross-dim (P4+P6)         Pyomo+Template             7,920,000       0.635
  BOM / Cross-dim (P4+P6)         gurobipy-pandas            7,920,000       0.594
  BOM / Cross-dim (P4+P6)         COO + MVar                 7,920,000       0.177
  BOM / Cross-dim (P4+P6)         Pyomo                     14,400,000      15.080
  BOM / Cross-dim (P4+P6)         Pyomo+Template            14,400,000       2.439
  BOM / Cross-dim (P4+P6)         gurobipy-pandas           14,400,000       1.181
  BOM / Cross-dim (P4+P6)         COO + MVar                14,400,000       0.351
  BOM / Cross-dim (P4+P6)         Pyomo                     24,300,000     116.675
  BOM / Cross-dim (P4+P6)         Pyomo+Template            24,300,000       2.942
  BOM / Cross-dim (P4+P6)         gurobipy-pandas           24,300,000       2.241
  BOM / Cross-dim (P4+P6)         COO + MVar                24,300,000       0.619

  Plot saved → benchmark_results.png
